
[1m[7m[36m RUN [39m[27m[22m [36mv2.1.9 [39m[90mE:/web dev/SuperState/SuperState1[39m

 [32mΓ£ô[39m src/__tests__/memory.test.ts [2m([22m[2m3 tests[22m[2m)[22m[90m 8[2mms[22m[39m
 [31mΓ¥»[39m src/__tests__/store.test.ts [2m([22m[2m14 tests[22m[2m | [22m[31m1 failed[39m[2m)[22m[90m 30[2mms[22m[39m
[31m   [31m├ù[31m Store[2m > [22msubscribe[2m > [22mshould keep keys even when subscriber count reaches 0[90m 14[2mms[22m[31m[39m
[31m     ΓåÆ expected false to be true // Object.is equality[39m
 [31mΓ¥»[39m src/__tests__/useSuperState.test.ts [2m([22m[2m7 tests[22m[2m | [22m[31m3 failed[39m[2m)[22m[90m 84[2mms[22m[39m
[31m   [31m├ù[31m useSuperState[2m > [22mshould support updater function like setState(prev => next)[90m 17[2mms[22m[31m[39m
[31m     ΓåÆ [super-state] Key "count" not initialized. Use createSuperState first.[39m
[31m   [31m├ù[31m useSuperState[2m > [22mshould handle complex object mutations immutably[90m 5[2mms[22m[31m[39m
[31m     ΓåÆ [super-state] Key "user" not initialized. Use createSuperState first.[39m
[31m   [31m├ù[31m useSuperState[2m > [22mshould allow direct global store updates via setState[90m 6[2mms[22m[31m[39m
[31m     ΓåÆ [super-state] Key "direct" not initialized. Use createSuperState first.[39m

[2m Test Files [22m [1m[31m2 failed[39m[22m[2m | [22m[1m[32m1 passed[39m[22m[90m (3)[39m
[2m      Tests [22m [1m[31m4 failed[39m[22m[2m | [22m[1m[32m20 passed[39m[22m[90m (24)[39m
[2m   Start at [22m 04:39:25
[2m   Duration [22m 2.85s[2m (transform 176ms, setup 0ms, collect 727ms, tests 122ms, environment 4.74s, prepare 871ms)[22m

